max_provinces = 1618
# stats:  1617 provinces
# unused:
definitions = "definition.csv"
provinces = "provinces.bmp"
positions = "positions.txt"
terrain = "terrain.bmp"
rivers = "rivers.bmp"
terrain_definition = "terrain.txt"
heightmap = "topology.bmp"
tree_definition = "trees.bmp"
continent = "continent.txt"
adjacencies = "adjacencies.csv"
climate = "climate.txt"
region = "island_region.txt"
geographical_region = "geographical_region.txt"
static = "statics"
seasons = "seasons.txt"
externals = {
}

sea_zones = { 1395 1475 }
sea_zones = { 1480 1483 }
sea_zones = { 1485 1493 }
sea_zones = { 1509 1592 }
sea_zones = { 1596 1599 }
sea_zones = { 1601 1603 }
sea_zones = { 1617 1617 }

ocean_region = {	# OCEAN
	sea_zones = { 1 2 3 4 5 6 7 }
}

# Define which indices in trees.bmp palette which should count as trees for automatic terrain assignment
tree = { 3 4 7 10 }

major_rivers = 
{
	# OCEAN
	1423 1424 1425 1426 1427  #Blackwater Rush
	1435 1436  #Bronze Rush
	1440  #Misty River
	1395 1588 1589 1590  #Rhyone
	1428 1429 1430 1591 1592  #The Greenblood
	1421 1422  #The Last River
	1431 1432 1433 1434  #The Mander
	1439  #The Torrentine
	1408 1409 1410 1411 1412 1413 1414 1415 1420  #The Trident
	1416 1417 1418 1419  #The White Knife

}